// Jest Snapshot v1, https://goo.gl/fbAQLP

exports[`Content renders correctly 1`] = `
<section
  className="sc-bdVaJa dHvjQq"
>
  <p>
    test
  </p>
</section>
`;
